// Jest Snapshot v1, https://goo.gl/fbAQLP

exports[`ScanTab Renders correctly 1`] = `
<View
  accessibilityLabel="title"
  accessible={true}
  collapsable={false}
  focusable={true}
  nativeID="animatedComponent"
  onClick={[Function]}
  onResponderGrant={[Function]}
  onResponderMove={[Function]}
  onResponderRelease={[Function]}
  onResponderTerminate={[Function]}
  onResponderTerminationRequest={[Function]}
  onStartShouldSetResponder={[Function]}
  style={
    Object {
      "alignItems": "center",
      "backgroundColor": "#FFFFFF",
      "flex": 1,
      "justifyContent": "center",
      "opacity": 1,
      "padding": 10,
    }
  }
  testID="com.ariesbifold:id/title"
>
  <Text
    allowFontScaling={false}
    style={
      Array [
        Object {
          "color": "#42803E",
          "fontSize": 20,
        },
        undefined,
        Object {
          "fontFamily": "Material Icons",
          "fontStyle": "normal",
          "fontWeight": "normal",
        },
        Object {},
      ]
    }
  >
    
  </Text>
  <Text
    style={
      Array [
        Object {
          "color": "#FFFFFF",
          "fontSize": 18,
          "fontWeight": "normal",
        },
        Object {
          "color": "#42803E",
        },
      ]
    }
  >
    title
  </Text>
</View>
`;
