// Jest Snapshot v1, https://goo.gl/fbAQLP

exports[`displays a home screen renders correctly 1`] = `
<View
  style={
    Object {
      "paddingHorizontal": 25,
    }
  }
>
  <Text
    style={
      Array [
        Object {
          "color": "#FFFFFF",
          "fontSize": 26,
          "fontWeight": "bold",
        },
        Object {
          "marginBottom": 20,
          "marginTop": 25,
        },
      ]
    }
  >
    Home.Notifications
  </Text>
  <RCTScrollView
    ListEmptyComponent={
      <InfoTextBox>
        Home.NoNewUpdates
      </InfoTextBox>
    }
    data={Array []}
    getItem={[Function]}
    getItemCount={[Function]}
    horizontal={true}
    keyExtractor={[Function]}
    onContentSizeChange={[Function]}
    onLayout={[Function]}
    onMomentumScrollBegin={[Function]}
    onMomentumScrollEnd={[Function]}
    onScroll={[Function]}
    onScrollBeginDrag={[Function]}
    onScrollEndDrag={[Function]}
    removeClippedSubviews={false}
    renderItem={[Function]}
    scrollEnabled={false}
    scrollEventThrottle={50}
    showsHorizontalScrollIndicator={false}
    stickyHeaderIndices={Array []}
    viewabilityConfigCallbackPairs={Array []}
  >
    <View>
      <View
        style={
          Array [
            Object {
              "backgroundColor": "rgba(53, 130, 63, 0.7)",
              "borderColor": undefined,
              "borderRadius": 5,
              "borderWidth": 1,
              "flexDirection": "row",
              "padding": 10,
            },
          ]
        }
      >
        <View
          style={
            Array [
              Object {
                "marginRight": 10,
              },
            ]
          }
        >
          <Text
            allowFontScaling={false}
            style={
              Array [
                Object {
                  "color": "#FFFFFF",
                  "fontSize": 30,
                },
                undefined,
                Object {
                  "fontFamily": "Material Icons",
                  "fontStyle": "normal",
                  "fontWeight": "normal",
                },
                Object {},
              ]
            }
          >
            î¢Ž
          </Text>
        </View>
        <Text
          style={
            Array [
              Object {
                "color": "#FFFFFF",
                "flexShrink": 1,
                "fontSize": 18,
                "fontWeight": "normal",
              },
              Object {
                "fontWeight": "bold",
              },
            ]
          }
        >
          Home.NoNewUpdates
        </Text>
      </View>
    </View>
  </RCTScrollView>
  <View
    style={
      Array [
        Object {
          "alignItems": "center",
          "justifyContent": "center",
          "marginHorizontal": 60,
          "marginTop": 35,
        },
      ]
    }
  >
    <Text
      style={
        Array [
          Object {
            "color": "#FFFFFF",
            "fontSize": 38,
            "fontWeight": "bold",
          },
        ]
      }
    >
      Home.Welcome
    </Text>
    <Text
      style={
        Array [
          Object {
            "color": "#FFFFFF",
            "fontSize": 18,
            "fontWeight": "normal",
          },
          Object {
            "marginTop": 25,
            "textAlign": "center",
          },
        ]
      }
    >
      Home.NoCredentials
    </Text>
  </View>
</View>
`;
