// Jest Snapshot v1, https://goo.gl/fbAQLP

exports[`displays a credential decline screen renders correctly 1`] = `
<Modal
  animationType="none"
  hardwareAccelerated={false}
  transparent={true}
  visible={true}
>
  <RNCSafeAreaView
    style={
      Array [
        Object {
          "backgroundColor": "#000000",
          "flexGrow": 1,
          "paddingHorizontal": 25,
        },
      ]
    }
  >
    <View
      style={
        Array [
          Object {
            "marginTop": 25,
          },
        ]
      }
    >
      <View
        style={
          Object {
            "backgroundColor": "#313132",
            "borderColor": "#FCBA19",
            "borderRadius": 5,
            "borderWidth": 1,
            "minWidth": 700,
            "padding": 10,
          }
        }
      >
        <View
          style={
            Object {
              "flexDirection": "row",
              "paddingHorizontal": 5,
              "paddingTop": 5,
            }
          }
        >
          <View
            style={
              Array [
                Object {
                  "alignSelf": "center",
                  "marginRight": 10,
                },
              ]
            }
          >
            <Text
              allowFontScaling={false}
              style={
                Array [
                  Object {
                    "color": "#FCBA19",
                    "fontSize": 30,
                  },
                  undefined,
                  Object {
                    "fontFamily": "Material Icons",
                    "fontStyle": "normal",
                    "fontWeight": "normal",
                  },
                  Object {},
                ]
              }
            >
              î€‚
            </Text>
          </View>
          <Text
            style={
              Object {
                "alignSelf": "center",
                "color": "#FFFFFF",
                "flexShrink": 1,
                "fontSize": 18,
                "fontWeight": "bold",
              }
            }
            testID="com.ariesbifold:id/HeaderText"
          >
            Are you sure you want to decline this credential?
          </Text>
        </View>
        <View
          style={
            Object {
              "flexDirection": "column",
              "marginLeft": 40,
              "paddingBottom": 5,
              "paddingHorizontal": 5,
            }
          }
        >
          <Text
            style={
              Object {
                "color": "#FFFFFF",
                "flexShrink": 1,
                "fontSize": 18,
                "fontWeight": "normal",
                "marginVertical": 16,
              }
            }
            testID="com.ariesbifold:id/BodyText"
          >
            In order to receive the credential offer again, you will need to reapply with the issuer.
          </Text>
        </View>
      </View>
      <View
        style={
          Array [
            Object {
              "backgroundColor": "#313132",
              "borderRadius": 15,
              "justifyContent": "center",
              "minHeight": 125,
              "padding": 10,
            },
            false,
            Object {
              "marginVertical": 25,
            },
          ]
        }
      >
        <View
          style={
            Object {
              "alignItems": "center",
              "flexDirection": "row",
            }
          }
        >
          <View
            style={
              Array [
                Object {
                  "alignItems": "center",
                  "borderColor": "#FFFFFF",
                  "borderRadius": 32,
                  "borderWidth": 3,
                  "height": 64,
                  "justifyContent": "center",
                  "margin": 12,
                  "width": 64,
                },
                Object {
                  "borderColor": "#15C477",
                },
                Object {},
              ]
            }
          >
            <Text
              style={
                Array [
                  Object {
                    "color": "#FFFFFF",
                    "fontSize": 32,
                    "fontWeight": "bold",
                  },
                  Object {
                    "fontWeight": "normal",
                  },
                ]
              }
              testID="com.ariesbifold:id/AvatarName"
            >
              C
            </Text>
          </View>
          <View
            style={
              Object {
                "flexShrink": 1,
              }
            }
          >
            <Text
              style={
                Array [
                  Object {
                    "color": "#FFFFFF",
                    "fontSize": 21,
                    "fontWeight": "bold",
                  },
                ]
              }
              testID="com.ariesbifold:id/CredentialName"
            >
              Credential
            </Text>
            <Text
              style={
                Array [
                  Object {
                    "color": "#FFFFFF",
                    "fontSize": 14,
                    "fontWeight": "normal",
                  },
                ]
              }
              testID="com.ariesbifold:id/CredentialVersion"
            >
              CredentialDetails.Version
              : 
              
            </Text>
            <Text
              style={
                Array [
                  Object {
                    "color": "#FFFFFF",
                    "fontSize": 14,
                    "fontWeight": "normal",
                  },
                ]
              }
              testID="com.ariesbifold:id/CredentialIssued"
            >
              CredentialDetails.Issued
              : 
              Feb 22, 2022
            </Text>
          </View>
        </View>
      </View>
      <View>
        <View
          accessibilityLabel="CredentialOffer.ConfirmDeclineCredential"
          accessibilityState={
            Object {
              "disabled": false,
            }
          }
          accessible={true}
          focusable={true}
          onClick={[Function]}
          onResponderGrant={[Function]}
          onResponderMove={[Function]}
          onResponderRelease={[Function]}
          onResponderTerminate={[Function]}
          onResponderTerminationRequest={[Function]}
          onStartShouldSetResponder={[Function]}
          style={
            Object {
              "backgroundColor": "#42803E",
              "borderRadius": 4,
              "opacity": 1,
              "padding": 16,
            }
          }
          testID="com.ariesbifold:id/ConfirmDeclineCredential"
        >
          <Text
            style={
              Array [
                Object {
                  "color": "#FFFFFF",
                  "fontSize": 18,
                  "fontWeight": "bold",
                  "textAlign": "center",
                },
                false,
              ]
            }
          >
            CredentialOffer.ConfirmDeclineCredential
          </Text>
        </View>
        <View
          style={
            Array [
              Object {
                "marginTop": 10,
              },
            ]
          }
        >
          <View
            accessibilityLabel="CredentialOffer.AbortDeclineCredential"
            accessibilityState={
              Object {
                "disabled": false,
              }
            }
            accessible={true}
            focusable={true}
            onClick={[Function]}
            onResponderGrant={[Function]}
            onResponderMove={[Function]}
            onResponderRelease={[Function]}
            onResponderTerminate={[Function]}
            onResponderTerminationRequest={[Function]}
            onStartShouldSetResponder={[Function]}
            style={
              Object {
                "borderColor": "#42803E",
                "borderRadius": 4,
                "borderWidth": 2,
                "opacity": 1,
                "padding": 16,
              }
            }
            testID="com.ariesbifold:id/AbortDeclineCredential"
          >
            <Text
              style={
                Array [
                  Object {
                    "color": "#42803E",
                    "fontSize": 18,
                    "fontWeight": "bold",
                    "textAlign": "center",
                  },
                  false,
                ]
              }
            >
              CredentialOffer.AbortDeclineCredential
            </Text>
          </View>
        </View>
      </View>
    </View>
  </RNCSafeAreaView>
</Modal>
`;
