// Jest Snapshot v1, https://goo.gl/fbAQLP

exports[`displays a pin create screen pin create renders correctly 1`] = `
<RNCSafeAreaView
  style={
    Array [
      Object {
        "backgroundColor": "#000000",
        "margin": 20,
      },
    ]
  }
>
  <Text
    style={
      Array [
        Object {
          "color": "#FFFFFF",
          "fontSize": 18,
          "fontWeight": "normal",
        },
        Object {
          "marginBottom": 16,
        },
      ]
    }
  >
    <Text
      style={
        Object {
          "fontWeight": "bold",
        }
      }
    >
      PinCreate.RememberPIN
    </Text>
     
    PinCreate.PINDisclaimer
  </Text>
  <View>
    <Text
      style={
        Array [
          Object {
            "color": "#FFFFFF",
            "fontSize": 14,
            "fontWeight": "bold",
          },
          Object {
            "marginBottom": 8,
          },
        ]
      }
    >
      PinCreate.EnterPIN
    </Text>
    <View
      style={
        Array [
          Object {
            "alignItems": "center",
            "flexDirection": "row",
            "justifyContent": "space-between",
          },
        ]
      }
    >
      <View
        style={
          Array [
            Object {
              "flexDirection": "row",
              "justifyContent": "space-between",
            },
            Object {
              "marginBottom": 24,
            },
          ]
        }
      >
        <View
          onLayout={[Function]}
          style={
            Array [
              Object {
                "backgroundColor": "#313132",
                "borderColor": "#313132",
                "borderRadius": 5,
                "borderWidth": 2,
                "height": 48,
                "marginRight": 8,
                "width": 40,
              },
              false,
            ]
          }
        >
          <Text
            accessibilityLabel="PinCreate.EnterPIN-1"
            accessible={true}
            maxFontSizeMultiplier={1}
            style={
              Array [
                Object {
                  "color": "#FFFFFF",
                  "fontSize": 26,
                  "fontWeight": "bold",
                  "lineHeight": 42,
                  "textAlign": "center",
                  "textAlignVertical": "center",
                },
              ]
            }
            testID="EnterPIN-1"
          >
            
          </Text>
        </View>
        <View
          onLayout={[Function]}
          style={
            Array [
              Object {
                "backgroundColor": "#313132",
                "borderColor": "#313132",
                "borderRadius": 5,
                "borderWidth": 2,
                "height": 48,
                "marginRight": 8,
                "width": 40,
              },
              false,
            ]
          }
        >
          <Text
            accessibilityLabel="PinCreate.EnterPIN-2"
            accessible={true}
            maxFontSizeMultiplier={1}
            style={
              Array [
                Object {
                  "color": "#FFFFFF",
                  "fontSize": 26,
                  "fontWeight": "bold",
                  "lineHeight": 42,
                  "textAlign": "center",
                  "textAlignVertical": "center",
                },
              ]
            }
            testID="EnterPIN-2"
          >
            
          </Text>
        </View>
        <View
          onLayout={[Function]}
          style={
            Array [
              Object {
                "backgroundColor": "#313132",
                "borderColor": "#313132",
                "borderRadius": 5,
                "borderWidth": 2,
                "height": 48,
                "marginRight": 8,
                "width": 40,
              },
              false,
            ]
          }
        >
          <Text
            accessibilityLabel="PinCreate.EnterPIN-3"
            accessible={true}
            maxFontSizeMultiplier={1}
            style={
              Array [
                Object {
                  "color": "#FFFFFF",
                  "fontSize": 26,
                  "fontWeight": "bold",
                  "lineHeight": 42,
                  "textAlign": "center",
                  "textAlignVertical": "center",
                },
              ]
            }
            testID="EnterPIN-3"
          >
            
          </Text>
        </View>
        <View
          onLayout={[Function]}
          style={
            Array [
              Object {
                "backgroundColor": "#313132",
                "borderColor": "#313132",
                "borderRadius": 5,
                "borderWidth": 2,
                "height": 48,
                "marginRight": 8,
                "width": 40,
              },
              false,
            ]
          }
        >
          <Text
            accessibilityLabel="PinCreate.EnterPIN-4"
            accessible={true}
            maxFontSizeMultiplier={1}
            style={
              Array [
                Object {
                  "color": "#FFFFFF",
                  "fontSize": 26,
                  "fontWeight": "bold",
                  "lineHeight": 42,
                  "textAlign": "center",
                  "textAlignVertical": "center",
                },
              ]
            }
            testID="EnterPIN-4"
          >
            
          </Text>
        </View>
        <View
          onLayout={[Function]}
          style={
            Array [
              Object {
                "backgroundColor": "#313132",
                "borderColor": "#313132",
                "borderRadius": 5,
                "borderWidth": 2,
                "height": 48,
                "marginRight": 8,
                "width": 40,
              },
              false,
            ]
          }
        >
          <Text
            accessibilityLabel="PinCreate.EnterPIN-5"
            accessible={true}
            maxFontSizeMultiplier={1}
            style={
              Array [
                Object {
                  "color": "#FFFFFF",
                  "fontSize": 26,
                  "fontWeight": "bold",
                  "lineHeight": 42,
                  "textAlign": "center",
                  "textAlignVertical": "center",
                },
              ]
            }
            testID="EnterPIN-5"
          >
            
          </Text>
        </View>
        <View
          onLayout={[Function]}
          style={
            Array [
              Object {
                "backgroundColor": "#313132",
                "borderColor": "#313132",
                "borderRadius": 5,
                "borderWidth": 2,
                "height": 48,
                "marginRight": 8,
                "width": 40,
              },
              false,
            ]
          }
        >
          <Text
            accessibilityLabel="PinCreate.EnterPIN-6"
            accessible={true}
            maxFontSizeMultiplier={1}
            style={
              Array [
                Object {
                  "color": "#FFFFFF",
                  "fontSize": 26,
                  "fontWeight": "bold",
                  "lineHeight": 42,
                  "textAlign": "center",
                  "textAlignVertical": "center",
                },
              ]
            }
            testID="EnterPIN-6"
          >
            
          </Text>
        </View>
        <TextInput
          autoCapitalize="characters"
          autoCorrect={false}
          autoFocus={true}
          blurOnSubmit={false}
          caretHidden={true}
          clearButtonMode="never"
          disableFullscreenUI={true}
          keyboardType="numeric"
          maxLength={6}
          onBlur={[Function]}
          onChangeText={[Function]}
          onFocus={[Function]}
          onPressOut={[Function]}
          spellCheck={false}
          style={
            Object {
              "bottom": 0,
              "fontSize": 1,
              "left": 0,
              "opacity": 0.01,
              "position": "absolute",
              "right": 0,
              "top": 0,
            }
          }
          testID="EnterPIN"
          textContentType="password"
          underlineColorAndroid="transparent"
          value=""
        />
      </View>
      <View
        accessible={true}
        collapsable={false}
        focusable={true}
        nativeID="animatedComponent"
        onClick={[Function]}
        onResponderGrant={[Function]}
        onResponderMove={[Function]}
        onResponderRelease={[Function]}
        onResponderTerminate={[Function]}
        onResponderTerminationRequest={[Function]}
        onStartShouldSetResponder={[Function]}
        style={
          Object {
            "marginBottom": 32,
            "marginRight": 8,
            "opacity": 1,
          }
        }
      >
        <Text
          allowFontScaling={false}
          style={
            Array [
              Object {
                "color": "#FFFFFF",
                "fontSize": 30,
              },
              undefined,
              Object {
                "fontFamily": "Material Icons",
                "fontStyle": "normal",
                "fontWeight": "normal",
              },
              Object {},
            ]
          }
        >
          î£´
        </Text>
      </View>
    </View>
  </View>
  <View>
    <Text
      style={
        Array [
          Object {
            "color": "#FFFFFF",
            "fontSize": 14,
            "fontWeight": "bold",
          },
          Object {
            "marginBottom": 8,
          },
        ]
      }
    >
      PinCreate.ReenterPIN
    </Text>
    <View
      style={
        Array [
          Object {
            "alignItems": "center",
            "flexDirection": "row",
            "justifyContent": "space-between",
          },
        ]
      }
    >
      <View
        style={
          Array [
            Object {
              "flexDirection": "row",
              "justifyContent": "space-between",
            },
            Object {
              "marginBottom": 24,
            },
          ]
        }
      >
        <View
          onLayout={[Function]}
          style={
            Array [
              Object {
                "backgroundColor": "#313132",
                "borderColor": "#313132",
                "borderRadius": 5,
                "borderWidth": 2,
                "height": 48,
                "marginRight": 8,
                "width": 40,
              },
              false,
            ]
          }
        >
          <Text
            accessibilityLabel="PinCreate.ReenterPIN-1"
            accessible={true}
            maxFontSizeMultiplier={1}
            style={
              Array [
                Object {
                  "color": "#FFFFFF",
                  "fontSize": 26,
                  "fontWeight": "bold",
                  "lineHeight": 42,
                  "textAlign": "center",
                  "textAlignVertical": "center",
                },
              ]
            }
            testID="ReenterPIN-1"
          >
            
          </Text>
        </View>
        <View
          onLayout={[Function]}
          style={
            Array [
              Object {
                "backgroundColor": "#313132",
                "borderColor": "#313132",
                "borderRadius": 5,
                "borderWidth": 2,
                "height": 48,
                "marginRight": 8,
                "width": 40,
              },
              false,
            ]
          }
        >
          <Text
            accessibilityLabel="PinCreate.ReenterPIN-2"
            accessible={true}
            maxFontSizeMultiplier={1}
            style={
              Array [
                Object {
                  "color": "#FFFFFF",
                  "fontSize": 26,
                  "fontWeight": "bold",
                  "lineHeight": 42,
                  "textAlign": "center",
                  "textAlignVertical": "center",
                },
              ]
            }
            testID="ReenterPIN-2"
          >
            
          </Text>
        </View>
        <View
          onLayout={[Function]}
          style={
            Array [
              Object {
                "backgroundColor": "#313132",
                "borderColor": "#313132",
                "borderRadius": 5,
                "borderWidth": 2,
                "height": 48,
                "marginRight": 8,
                "width": 40,
              },
              false,
            ]
          }
        >
          <Text
            accessibilityLabel="PinCreate.ReenterPIN-3"
            accessible={true}
            maxFontSizeMultiplier={1}
            style={
              Array [
                Object {
                  "color": "#FFFFFF",
                  "fontSize": 26,
                  "fontWeight": "bold",
                  "lineHeight": 42,
                  "textAlign": "center",
                  "textAlignVertical": "center",
                },
              ]
            }
            testID="ReenterPIN-3"
          >
            
          </Text>
        </View>
        <View
          onLayout={[Function]}
          style={
            Array [
              Object {
                "backgroundColor": "#313132",
                "borderColor": "#313132",
                "borderRadius": 5,
                "borderWidth": 2,
                "height": 48,
                "marginRight": 8,
                "width": 40,
              },
              false,
            ]
          }
        >
          <Text
            accessibilityLabel="PinCreate.ReenterPIN-4"
            accessible={true}
            maxFontSizeMultiplier={1}
            style={
              Array [
                Object {
                  "color": "#FFFFFF",
                  "fontSize": 26,
                  "fontWeight": "bold",
                  "lineHeight": 42,
                  "textAlign": "center",
                  "textAlignVertical": "center",
                },
              ]
            }
            testID="ReenterPIN-4"
          >
            
          </Text>
        </View>
        <View
          onLayout={[Function]}
          style={
            Array [
              Object {
                "backgroundColor": "#313132",
                "borderColor": "#313132",
                "borderRadius": 5,
                "borderWidth": 2,
                "height": 48,
                "marginRight": 8,
                "width": 40,
              },
              false,
            ]
          }
        >
          <Text
            accessibilityLabel="PinCreate.ReenterPIN-5"
            accessible={true}
            maxFontSizeMultiplier={1}
            style={
              Array [
                Object {
                  "color": "#FFFFFF",
                  "fontSize": 26,
                  "fontWeight": "bold",
                  "lineHeight": 42,
                  "textAlign": "center",
                  "textAlignVertical": "center",
                },
              ]
            }
            testID="ReenterPIN-5"
          >
            
          </Text>
        </View>
        <View
          onLayout={[Function]}
          style={
            Array [
              Object {
                "backgroundColor": "#313132",
                "borderColor": "#313132",
                "borderRadius": 5,
                "borderWidth": 2,
                "height": 48,
                "marginRight": 8,
                "width": 40,
              },
              false,
            ]
          }
        >
          <Text
            accessibilityLabel="PinCreate.ReenterPIN-6"
            accessible={true}
            maxFontSizeMultiplier={1}
            style={
              Array [
                Object {
                  "color": "#FFFFFF",
                  "fontSize": 26,
                  "fontWeight": "bold",
                  "lineHeight": 42,
                  "textAlign": "center",
                  "textAlignVertical": "center",
                },
              ]
            }
            testID="ReenterPIN-6"
          >
            
          </Text>
        </View>
        <TextInput
          autoCapitalize="characters"
          autoCorrect={false}
          autoFocus={false}
          blurOnSubmit={false}
          caretHidden={true}
          clearButtonMode="never"
          disableFullscreenUI={true}
          keyboardType="numeric"
          maxLength={6}
          onBlur={[Function]}
          onChangeText={[Function]}
          onFocus={[Function]}
          onPressOut={[Function]}
          spellCheck={false}
          style={
            Object {
              "bottom": 0,
              "fontSize": 1,
              "left": 0,
              "opacity": 0.01,
              "position": "absolute",
              "right": 0,
              "top": 0,
            }
          }
          testID="ReenterPIN"
          textContentType="password"
          underlineColorAndroid="transparent"
          value=""
        />
      </View>
      <View
        accessible={true}
        collapsable={false}
        focusable={true}
        nativeID="animatedComponent"
        onClick={[Function]}
        onResponderGrant={[Function]}
        onResponderMove={[Function]}
        onResponderRelease={[Function]}
        onResponderTerminate={[Function]}
        onResponderTerminationRequest={[Function]}
        onStartShouldSetResponder={[Function]}
        style={
          Object {
            "marginBottom": 32,
            "marginRight": 8,
            "opacity": 1,
          }
        }
      >
        <Text
          allowFontScaling={false}
          style={
            Array [
              Object {
                "color": "#FFFFFF",
                "fontSize": 30,
              },
              undefined,
              Object {
                "fontFamily": "Material Icons",
                "fontStyle": "normal",
                "fontWeight": "normal",
              },
              Object {},
            ]
          }
        >
          î£´
        </Text>
      </View>
    </View>
  </View>
  <View
    accessibilityLabel="PinCreate.CreatePIN"
    accessibilityState={
      Object {
        "disabled": false,
      }
    }
    accessible={true}
    collapsable={false}
    focusable={true}
    nativeID="animatedComponent"
    onClick={[Function]}
    onResponderGrant={[Function]}
    onResponderMove={[Function]}
    onResponderRelease={[Function]}
    onResponderTerminate={[Function]}
    onResponderTerminationRequest={[Function]}
    onStartShouldSetResponder={[Function]}
    style={
      Object {
        "backgroundColor": "#42803E",
        "borderRadius": 4,
        "opacity": 1,
        "padding": 16,
      }
    }
    testID="com.ariesbifold:id/CreatePIN"
  >
    <Text
      style={
        Array [
          Object {
            "color": "#FFFFFF",
            "fontSize": 18,
            "fontWeight": "bold",
            "textAlign": "center",
          },
          false,
        ]
      }
    >
      PinCreate.CreatePIN
    </Text>
  </View>
</RNCSafeAreaView>
`;
