// Jest Snapshot v1, https://goo.gl/fbAQLP

exports[`InfoTextBox Component Renders correctly 1`] = `
<View
  style={
    Array [
      Object {
        "backgroundColor": "#D9EAF7",
        "borderColor": "#B9CEDE",
        "borderRadius": 5,
        "borderWidth": 1,
        "flexDirection": "row",
        "padding": 10,
      },
    ]
  }
>
  <View
    style={
      Array [
        Object {
          "marginRight": 10,
        },
      ]
    }
  >
    <Icon
      color="#313132"
      name="info"
      size={30}
    />
  </View>
  <Text
    style={
      Array [
        Object {
          "color": "#313132",
          "flexShrink": 1,
          "fontSize": 18,
          "fontWeight": "normal",
        },
        Object {
          "fontWeight": "bold",
        },
      ]
    }
  />
</View>
`;
