// Jest Snapshot v1, https://goo.gl/fbAQLP

exports[`Faux Navigation Bar Component Renders with home icon 1`] = `
<View
  style={
    Object {
      "alignItems": "flex-end",
      "backgroundColor": "#42803E",
      "flexDirection": "row",
      "flexGrow": 1,
      "height": 90,
      "justifyContent": "center",
      "paddingBottom": 4,
    }
  }
>
  <View
    style={
      Object {
        "flexDirection": "row",
        "justifyContent": "space-between",
        "marginHorizontal": 15,
      }
    }
  >
    <Text
      style={
        Object {
          "color": "#FFFFFF",
          "flexGrow": 1,
          "fontSize": 18,
          "fontWeight": "normal",
          "paddingLeft": 26,
          "textAlign": "center",
        }
      }
    >
      Hello
    </Text>
    <RNGestureHandlerButton
      collapsable={false}
      onGestureEvent={[Function]}
      onGestureHandlerEvent={[Function]}
      onGestureHandlerStateChange={[Function]}
      onHandlerStateChange={[Function]}
      rippleColor={0}
      testID="com.ariesbifold:id/HomeButton"
    >
      <View
        accessibilityLabel="Global.Home"
        accessible={true}
        collapsable={false}
        nativeID="animatedComponent"
        style={
          Object {
            "opacity": 1,
          }
        }
      >
        <Text
          allowFontScaling={false}
          style={
            Array [
              Object {
                "color": "white",
                "fontSize": 26,
              },
              undefined,
              Object {
                "fontFamily": "Material Design Icons",
                "fontStyle": "normal",
                "fontWeight": "normal",
              },
              Object {},
            ]
          }
        >
          ó°‹œ
        </Text>
      </View>
    </RNGestureHandlerButton>
  </View>
</View>
`;

exports[`Faux Navigation Bar Component Renders without home icon 1`] = `
<View
  style={
    Object {
      "alignItems": "flex-end",
      "backgroundColor": "#42803E",
      "flexDirection": "row",
      "flexGrow": 1,
      "height": 90,
      "justifyContent": "center",
      "paddingBottom": 4,
    }
  }
>
  <View
    style={
      Object {
        "flexDirection": "row",
        "justifyContent": "space-between",
        "marginHorizontal": 15,
      }
    }
  >
    <Text
      style={
        Object {
          "color": "#FFFFFF",
          "flexGrow": 1,
          "fontSize": 18,
          "fontWeight": "normal",
          "paddingLeft": 26,
          "textAlign": "center",
        }
      }
    >
      Hello
    </Text>
  </View>
</View>
`;
