// Jest Snapshot v1, https://goo.gl/fbAQLP

exports[`ConnectionInvitation screen Renders correctly 1`] = `
<RNCSafeAreaView
  edges={
    Array [
      "left",
      "right",
    ]
  }
  style={
    Object {
      "backgroundColor": "#FFFFFF",
      "flexGrow": 1,
    }
  }
>
  <RCTScrollView>
    <View>
      <View
        style={
          Object {
            "alignItems": "center",
            "marginHorizontal": 30,
            "marginVertical": 20,
            "padding": 16,
            "textAlign": "center",
          }
        }
      >
        <Text
          style={
            Object {
              "color": "#000000",
              "fontSize": 28,
              "fontWeight": "bold",
              "textAlign": "center",
            }
          }
        >
          Connection.ScanQR
        </Text>
        <Text
          style={
            Object {
              "color": "#000000",
              "fontSize": 20,
              "fontWeight": "normal",
              "marginTop": 8,
              "textAlign": "center",
            }
          }
        >
          Connection.ScanQRComment
        </Text>
      </View>
      <View
        style={
          Object {
            "flexGrow": 1,
          }
        }
      >
        <View
          style={
            Object {
              "alignItems": "center",
              "borderColor": "#42803E",
              "borderRadius": 40,
              "borderWidth": 10,
              "height": 730,
              "justifyContent": "center",
              "marginHorizontal": 10,
              "width": 730,
            }
          }
        >
          <View
            style={
              Object {
                "alignItems": "center",
                "justifyContent": "center",
              }
            }
            testID="com.ariesbifold:id/LoadingActivityIndicator"
          >
            <Image
              source={
                Object {
                  "default": "",
                }
              }
              style={
                Object {
                  "height": "33%",
                  "width": "33%",
                }
              }
              testID="com.ariesbifold:id/LoadingActivityIndicatorImage"
            />
            <View
              collapsable={false}
              nativeID="animatedComponent"
              style={
                Object {
                  "position": "absolute",
                  "transform": Array [
                    Object {
                      "rotate": "0deg",
                    },
                  ],
                }
              }
            >
              <
                fill="#FFFFFF"
                height={200}
                width={200}
              />
            </View>
          </View>
        </View>
      </View>
    </View>
  </RCTScrollView>
</RNCSafeAreaView>
`;
